19,DIAG320128,1.0,1,348
19,DIAG321873,1.0,1,348
19,DIAG373995,1.0,1,348
19,DIAG374009,1.0,1,348
19,DIAG433329,1.0,1,348
19,DIAG436539,1.0,1,348
19,DIAG74082,1.0,1,348
19,DIAG80502,1.0,1,348
19,DIAG81902,1.0,1,348
19,DRUG1112807,1.0,1,344
19,DRUG1112807,1.0,1,346
19,DRUG1125315,1.0,1,344
19,DRUG1125315,1.0,1,346
19,DRUG1307046,1.0,1,344
19,DRUG1307046,1.0,1,347
19,DRUG1742253,1.0,1,348
19,DRUG1742253,1.0,1,347
19,DRUG19009405,1.0,1,344
19,DRUG19035704,1.0,1,344
19,DRUG19055137,1.0,1,345
19,DRUG19055137,1.0,1,348
19,DRUG19079524,1.0,1,348
19,DRUG19079524,1.0,1,346
19,DRUG19080464,1.0,1,346
19,DRUG19093848,1.0,1,347
19,DRUG19095164,1.0,1,346
19,DRUG19132976,1.0,1,346
19,DRUG766529,1.0,1,348
19,DRUG785788,1.0,1,344
19,DRUG785788,1.0,1,345
19,DRUG791967,1.0,1,346
19,DRUG791967,1.0,1,348
19,DRUG948078,1.0,1,346
19,DRUG948078,1.0,1,344
19,DRUG953076,1.0,1,347
19,LAB3000259,,1,348
19,LAB3000285,137.0,1,348
19,LAB3000330,1.02,1,348
19,LAB3000483,155.0,1,348
19,LAB3000963,12.3,1,346
19,LAB3000963,14.6,1,348
19,LAB3000963,14.9,1,348
19,LAB3000963,12.8,1,347
19,LAB3001110,85.0,1,348
19,LAB3001420,1.9,1,347
19,LAB3001420,2.1,1,346
19,LAB3001420,2.0,1,348
19,LAB3002030,8.5,1,348
19,LAB3002385,13.8,1,346
19,LAB3002385,13.9,1,347
19,LAB3002385,13.8,1,348
19,LAB3002417,13.6,1,348
19,LAB3002417,13.7,1,345
19,LAB3002417,14.0,1,347
19,LAB3002617,,1,348
19,LAB3003132,,1,348
19,LAB3003338,35.0,1,347
19,LAB3003338,33.7,1,346
19,LAB3003338,34.8,1,348
19,LAB3004501,161.0,1,348
19,LAB3004501,119.0,1,345
19,LAB3004501,139.0,1,347
19,LAB3004501,113.0,1,346
19,LAB3004562,,1,348
19,LAB3004809,,1,348
19,LAB3004905,22.0,1,348
19,LAB3005456,4.8,1,348
19,LAB3005707,,1,348
19,LAB3005897,,1,348
19,LAB3006504,0.3,1,348
19,LAB3006576,24.0,1,346
19,LAB3006576,24.0,1,348
19,LAB3006906,8.7,1,346
19,LAB3006906,8.7,1,345
19,LAB3006906,9.2,1,348
19,LAB3006906,8.9,1,347
19,LAB3006923,33.0,1,348
19,LAB3007220,371.0,1,348
19,LAB3007461,195.0,1,346
19,LAB3007461,216.0,1,347
19,LAB3007461,230.0,1,348
19,LAB3007876,,1,348
19,LAB3007950,,1,348
19,LAB3009542,44.0,1,348
19,LAB3009542,36.4,1,346
19,LAB3009542,42.9,1,348
19,LAB3009542,36.5,1,347
19,LAB3010189,,1,348
19,LAB3010421,7.41,1,346
19,LAB3010813,14.8,1,348
19,LAB3010813,8.0,1,346
19,LAB3010813,10.1,1,347
19,LAB3011258,,1,348
19,LAB3011368,,1,348
19,LAB3011397,,1,348
19,LAB3011904,2.3,1,346
19,LAB3011904,2.5,1,345
19,LAB3011904,2.9,1,348
19,LAB3011904,2.4,1,347
19,LAB3011987,,1,348
19,LAB3012501,,1,346
19,LAB3013290,36.0,1,346
19,LAB3013466,29.8,1,345
19,LAB3013466,29.2,1,348
19,LAB3013466,30.4,1,347
19,LAB3013682,33.0,1,348
19,LAB3013682,25.0,1,347
19,LAB3013682,20.0,1,346
19,LAB3013682,19.0,1,345
19,LAB3013721,54.0,1,348
19,LAB3015736,6.5,1,348
19,LAB3016293,21.0,1,346
19,LAB3016293,22.0,1,345
19,LAB3016293,22.0,1,347
19,LAB3016293,22.0,1,348
19,LAB3016723,1.3,1,346
19,LAB3016723,1.5,1,348
19,LAB3016723,1.3,1,345
19,LAB3016723,1.2,1,347
19,LAB3016750,,1,348
19,LAB3016771,71.0,1,348
19,LAB3017354,88.4,1,348
19,LAB3018572,106.0,1,346
19,LAB3018572,101.0,1,348
19,LAB3018572,106.0,1,345
19,LAB3018572,101.0,1,348
19,LAB3018572,105.0,1,347
19,LAB3019069,2.6,1,348
19,LAB3019107,,1,348
19,LAB3019550,141.0,1,345
19,LAB3019550,138.0,1,348
19,LAB3019550,139.0,1,346
19,LAB3019550,138.0,1,347
19,LAB3020399,,1,348
19,LAB3021119,1.2,1,346
19,LAB3021303,,1,348
19,LAB3021601,,1,348
19,LAB3022096,0.2,1,348
19,LAB3023103,5.4,1,348
19,LAB3023103,4.1,1,345
19,LAB3023103,4.2,1,346
19,LAB3023103,4.2,1,347
19,LAB3023399,1.5,1,348
19,LAB3024128,0.8,1,348
19,LAB3024731,85.0,1,347
19,LAB3024731,86.0,1,348
19,LAB3024731,88.0,1,346
19,LAB3024882,3.0,1,346
19,LAB3025478,,1,348
19,LAB3025639,,1,348
19,LAB3025643,,1,348
19,LAB3026361,4.98,1,348
19,LAB3026361,4.29,1,347
19,LAB3026361,4.15,1,346
19,LAB3027162,,1,348
19,LAB3027315,116.0,1,346
19,LAB3031951,,1,348
19,LAB3032080,1.2,1,348
19,LAB3032080,1.3,1,347
19,LAB3032080,1.2,1,345
19,LAB3032459,,1,348
19,LAB3033236,5.0,1,348
19,LAB3035124,,1,348
19,LAB3035583,,1,348
19,LAB3035941,30.0,1,348
19,LAB3035941,29.5,1,346
19,LAB3035941,29.7,1,347
19,LAB3038691,,1,348
19,LAB3039000,16.0,1,346
19,LAB3039000,15.0,1,347
19,LAB3039000,20.0,1,348
19,LAB3039000,17.0,1,345
19,LAB3045414,,1,348
19,LAB3047181,1.2,1,346
19,LAB3047181,2.7,1,348
19,LAB3048529,0.05,1,348
19,LAB3048529,0.04,1,348
2293,DIAG433163,1.0,1,928
2293,DIAG433163,1.0,1,614
2293,DIAG435517,1.0,1,928
2293,DIAG440649,1.0,1,928
2293,DIAG441818,1.0,1,928
2293,DRUG19036781,1.0,1,926
2293,DRUG19036781,1.0,1,927
2293,DRUG19072153,1.0,1,926
2293,DRUG19132909,1.0,1,5311
2293,LAB3000963,13.3,1,5363
2293,LAB3003785,4.5,1,943
2293,LAB3004501,82.0,1,943
2293,LAB3004905,22.0,1,943
2293,LAB3004905,20.0,1,941
2293,LAB3010813,4.2,1,943
2293,LAB3013682,7.0,1,943
2293,LAB3016723,0.5,1,2256
2293,LAB3016771,34.0,1,943
2293,LAB3019550,140.0,1,2000
2293,LAB3023103,3.6,1,2001
2293,LAB3024128,2.4,1,-1
2293,LAB3024561,3.8,1,943
2293,LAB3026361,4.45,1,5361
2293,LAB3027597,1.4,1,0
24581,DIAG255573,1.0,1,74
24581,DIAG255573,1.0,1,704
24581,DIAG255573,1.0,1,453
24581,DIAG313217,1.0,1,453
24581,DIAG313217,1.0,1,704
24581,DIAG313217,1.0,1,74
24581,DIAG319041,1.0,1,74
24581,DIAG373995,1.0,1,74
24581,DIAG373995,1.0,1,704
24581,DIAG373995,1.0,1,453
24581,DIAG374009,1.0,1,704
24581,DIAG374009,1.0,1,453
24581,DIAG374009,1.0,1,74
24581,DIAG374024,1.0,1,453
24581,DIAG376713,1.0,1,74
24581,DIAG376713,1.0,1,453
24581,DIAG377091,1.0,1,74
24581,DIAG381270,1.0,1,704
24581,DIAG4096215,1.0,1,704
24581,DIAG4161977,1.0,1,704
24581,DIAG4161977,1.0,1,453
24581,DIAG4161977,1.0,1,74
24581,DIAG432308,1.0,1,74
24581,DIAG432867,1.0,1,74
24581,DIAG433656,1.0,1,453
24581,DIAG43531028,1.0,1,74
24581,DIAG437827,1.0,1,704
24581,DIAG440383,1.0,1,453
24581,DIAG440385,1.0,1,704
24581,DIAG440869,1.0,1,704
24581,DIAG81902,1.0,1,453
24581,DRUG1125315,1.0,1,702
24581,DRUG1125315,1.0,1,448
24581,DRUG1125315,1.0,1,453
24581,DRUG1307046,1.0,1,704
24581,DRUG1307046,1.0,1,703
24581,DRUG1307046,1.0,1,452
24581,DRUG1319133,1.0,1,453
24581,DRUG1545958,1.0,1,74
24581,DRUG1545958,1.0,1,449
24581,DRUG19026333,1.0,1,453
24581,DRUG19026512,1.0,1,453
24581,DRUG19026512,1.0,1,74
24581,DRUG19049105,1.0,1,449
24581,DRUG19049105,1.0,1,449
24581,DRUG19049105,1.0,1,453
24581,DRUG19049105,1.0,1,452
24581,DRUG19055137,1.0,1,452
24581,DRUG19065818,1.0,1,704
24581,DRUG19079524,1.0,1,452
24581,DRUG19079524,1.0,1,453
24581,DRUG19079524,1.0,1,704
24581,DRUG19079524,1.0,1,74
24581,DRUG19093848,1.0,1,453
24581,DRUG19095164,1.0,1,703
24581,DRUG19098971,1.0,1,453
24581,DRUG19122121,1.0,1,704
24581,DRUG19122121,1.0,1,73
24581,DRUG19126899,1.0,1,453
24581,DRUG19126912,1.0,1,703
24581,DRUG19126912,1.0,1,74
24581,DRUG19132909,1.0,1,448
24581,DRUG19132932,1.0,1,703
24581,DRUG19132932,1.0,1,703
24581,DRUG19135832,1.0,1,74
24581,DRUG19136059,1.0,1,703
24581,DRUG43012825,1.0,1,449
24581,DRUG43012825,1.0,1,448
24581,DRUG43012825,1.0,1,704
24581,DRUG43012825,1.0,1,74
24581,DRUG43012825,1.0,1,453
24581,DRUG711584,1.0,1,74
24581,DRUG715997,1.0,1,453
24581,DRUG715997,1.0,1,74
24581,DRUG725131,1.0,1,74
24581,DRUG725131,1.0,1,453
24581,DRUG739138,1.0,1,74
24581,DRUG740910,1.0,1,449
24581,DRUG740910,1.0,1,452
24581,DRUG924939,1.0,1,703
24581,DRUG924939,1.0,1,453
24581,DRUG924939,1.0,1,453
24581,DRUG924939,1.0,1,703
24581,DRUG948078,1.0,1,703
24581,DRUG948078,1.0,1,452
24581,DRUG948078,1.0,1,74
24581,LAB3000259,,1,448
24581,LAB3000330,1.02,1,702
24581,LAB3000330,1.017,1,74
24581,LAB3000330,1.02,1,448
24581,LAB3000330,1.018,1,434
24581,LAB3000330,1.011,1,704
24581,LAB3000483,94.0,1,453
24581,LAB3000963,13.7,1,701
24581,LAB3000963,13.8,1,449
24581,LAB3000963,12.9,1,453
24581,LAB3000963,15.4,1,704
24581,LAB3000963,,1,73
24581,LAB3000963,13.6,1,703
24581,LAB3000963,12.7,1,434
24581,LAB3000963,13.2,1,453
24581,LAB3000963,15.0,1,702
24581,LAB3000963,14.1,1,71
24581,LAB3000963,13.7,1,448
24581,LAB3000963,14.1,1,73
24581,LAB3000963,13.2,1,452
24581,LAB3000963,14.8,1,74
24581,LAB3000963,13.9,1,451
24581,LAB3001110,82.0,1,73
24581,LAB3001420,1.6,1,453
24581,LAB3001420,1.8,1,448
24581,LAB3001420,1.9,1,704
24581,LAB3001420,1.8,1,452
24581,LAB3001420,1.8,1,702
24581,LAB3001420,1.7,1,703
24581,LAB3001420,1.7,1,451
24581,LAB3001420,1.7,1,73
24581,LAB3001420,2.1,1,449
24581,LAB3001420,1.7,1,71
24581,LAB3002030,21.3,1,704
24581,LAB3002030,25.8,1,74
24581,LAB3002030,15.1,1,434
24581,LAB3002030,16.7,1,453
24581,LAB3002385,12.6,1,448
24581,LAB3002385,12.5,1,701
24581,LAB3002385,12.8,1,453
24581,LAB3002385,12.7,1,451
24581,LAB3002385,12.7,1,452
24581,LAB3002385,12.5,1,71
24581,LAB3002385,12.6,1,74
24581,LAB3002385,12.8,1,703
24581,LAB3002385,12.5,1,453
24581,LAB3002385,12.7,1,434
24581,LAB3002385,12.8,1,449
24581,LAB3002385,12.6,1,704
24581,LAB3002385,12.7,1,702
24581,LAB3002385,12.5,1,73
24581,LAB3002417,13.3,1,703
24581,LAB3002417,13.5,1,704
24581,LAB3002417,12.9,1,453
24581,LAB3002417,12.7,1,434
24581,LAB3002417,12.7,1,452
24581,LAB3002417,12.3,1,74
24581,LAB3002417,12.7,1,453
24581,LAB3002417,13.3,1,73
24581,LAB3002417,12.5,1,71
24581,LAB3003338,31.9,1,701
24581,LAB3003338,34.4,1,449
24581,LAB3003338,34.1,1,434
24581,LAB3003338,34.4,1,702
24581,LAB3003338,33.9,1,703
24581,LAB3003338,33.8,1,453
24581,LAB3003338,34.3,1,704
24581,LAB3003338,34.1,1,71
24581,LAB3003338,33.5,1,451
24581,LAB3003338,33.8,1,453
24581,LAB3003338,34.0,1,448
24581,LAB3003338,34.7,1,73
24581,LAB3003338,34.6,1,452
24581,LAB3003338,33.3,1,74
24581,LAB3004410,6.3,1,452
24581,LAB3004410,6.2,1,453
24581,LAB3004410,,1,73
24581,LAB3004410,5.6,1,73
24581,LAB3004501,106.0,1,448
24581,LAB3004501,112.0,1,451
24581,LAB3004501,72.0,1,74
24581,LAB3004501,106.0,1,452
24581,LAB3004501,103.0,1,449
24581,LAB3004501,86.0,1,704
24581,LAB3004501,102.0,1,704
24581,LAB3004501,65.0,1,434
24581,LAB3004501,101.0,1,71
24581,LAB3004501,121.0,1,701
24581,LAB3004501,89.0,1,73
24581,LAB3004501,99.0,1,453
24581,LAB3004501,179.0,1,702
24581,LAB3004501,85.0,1,703
24581,LAB3004501,89.0,1,74
24581,LAB3004501,104.0,1,453
24581,LAB3004562,,1,448
24581,LAB3005707,,1,704
24581,LAB3005707,,1,434
24581,LAB3005707,,1,74
24581,LAB3005897,,1,434
24581,LAB3005897,,1,74
24581,LAB3005897,,1,448
24581,LAB3005897,,1,704
24581,LAB3005897,,1,702
24581,LAB3006175,,1,448
24581,LAB3006504,2.8,1,704
24581,LAB3006504,1.3,1,434
24581,LAB3006504,1.0,1,453
24581,LAB3006504,1.4,1,74
24581,LAB3006576,26.0,1,453
24581,LAB3006906,8.7,1,704
24581,LAB3006906,9.3,1,448
24581,LAB3006906,8.5,1,452
24581,LAB3006906,9.1,1,73
24581,LAB3006906,9.0,1,703
24581,LAB3006906,8.5,1,453
24581,LAB3006906,8.8,1,71
24581,LAB3006906,9.4,1,702
24581,LAB3006906,9.5,1,449
24581,LAB3006923,13.0,1,452
24581,LAB3006923,12.0,1,73
24581,LAB3006923,14.0,1,453
24581,LAB3007070,50.0,1,452
24581,LAB3007070,46.0,1,453
24581,LAB3007070,62.0,1,73
24581,LAB3007220,52.0,1,452
24581,LAB3007220,72.0,1,453
24581,LAB3007220,49.0,1,703
24581,LAB3007220,59.0,1,704
24581,LAB3007220,125.0,1,73
24581,LAB3007220,60.0,1,704
24581,LAB3007220,128.0,1,74
24581,LAB3007220,60.0,1,453
24581,LAB3007461,268.0,1,434
24581,LAB3007461,200.0,1,449
24581,LAB3007461,191.0,1,704
24581,LAB3007461,195.0,1,703
24581,LAB3007461,176.0,1,71
24581,LAB3007461,213.0,1,74
24581,LAB3007461,172.0,1,453
24581,LAB3007461,184.0,1,451
24581,LAB3007461,197.0,1,701
24581,LAB3007461,205.0,1,702
24581,LAB3007461,197.0,1,73
24581,LAB3007461,199.0,1,448
24581,LAB3007461,180.0,1,452
24581,LAB3007461,165.0,1,453
24581,LAB3007876,,1,448
24581,LAB3007876,,1,434
24581,LAB3007876,,1,74
24581,LAB3007876,,1,704
24581,LAB3007876,,1,702
24581,LAB3007950,,1,704
24581,LAB3007950,1.0,1,448
24581,LAB3007950,,1,434
24581,LAB3007950,,1,74
24581,LAB3007950,,1,702
24581,LAB3009542,41.6,1,451
24581,LAB3009542,40.0,1,703
24581,LAB3009542,40.3,1,449
24581,LAB3009542,40.6,1,73
24581,LAB3009542,40.3,1,448
24581,LAB3009542,38.0,1,453
24581,LAB3009542,42.8,1,701
24581,LAB3009542,38.2,1,452
24581,LAB3009542,44.8,1,704
24581,LAB3009542,41.4,1,71
24581,LAB3009542,44.6,1,74
24581,LAB3009542,39.0,1,453
24581,LAB3009542,43.7,1,702
24581,LAB3009542,37.2,1,434
24581,LAB3010189,,1,448
24581,LAB3010421,7.33,1,704
24581,LAB3010421,7.36,1,453
24581,LAB3010813,7.9,1,452
24581,LAB3010813,8.1,1,453
24581,LAB3010813,7.7,1,453
24581,LAB3010813,7.1,1,701
24581,LAB3010813,10.5,1,451
24581,LAB3010813,7.5,1,702
24581,LAB3010813,9.1,1,703
24581,LAB3010813,7.8,1,434
24581,LAB3010813,7.6,1,704
24581,LAB3010813,10.4,1,449
24581,LAB3010813,9.3,1,448
24581,LAB3010813,6.4,1,71
24581,LAB3010813,6.0,1,73
24581,LAB3010813,6.7,1,74
24581,LAB3011258,,1,448
24581,LAB3011258,,1,74
24581,LAB3011258,,1,702
24581,LAB3011258,,1,434
24581,LAB3011258,,1,704
24581,LAB3011397,,1,704
24581,LAB3011397,,1,74
24581,LAB3011397,,1,448
24581,LAB3011397,,1,434
24581,LAB3011397,,1,702
24581,LAB3011904,3.2,1,453
24581,LAB3011904,3.5,1,73
24581,LAB3011904,3.9,1,71
24581,LAB3011904,2.8,1,703
24581,LAB3011904,3.0,1,702
24581,LAB3011904,3.9,1,452
24581,LAB3011904,4.0,1,449
24581,LAB3011904,3.2,1,448
24581,LAB3012501,,1,453
24581,LAB3013290,44.0,1,453
24581,LAB3013466,23.8,1,434
24581,LAB3013466,25.7,1,73
24581,LAB3013466,24.7,1,71
24581,LAB3013466,26.9,1,704
24581,LAB3013466,26.3,1,703
24581,LAB3013466,24.5,1,74
24581,LAB3013466,24.4,1,453
24581,LAB3013466,24.2,1,453
24581,LAB3013466,24.0,1,452
24581,LAB3013682,34.0,1,449
24581,LAB3013682,12.0,1,703
24581,LAB3013682,18.0,1,702
24581,LAB3013682,18.0,1,701
24581,LAB3013682,15.0,1,73
24581,LAB3013682,20.0,1,453
24581,LAB3013682,14.0,1,453
24581,LAB3013682,27.0,1,448
24581,LAB3013682,9.0,1,452
24581,LAB3013682,23.0,1,434
24581,LAB3013682,10.0,1,451
24581,LAB3013682,16.0,1,71
24581,LAB3013682,17.0,1,74
24581,LAB3013682,13.0,1,704
24581,LAB3013721,19.0,1,452
24581,LAB3013721,16.0,1,73
24581,LAB3013721,20.0,1,453
24581,LAB3015736,6.5,1,702
24581,LAB3015736,7.0,1,74
24581,LAB3015736,5.0,1,448
24581,LAB3015736,7.0,1,704
24581,LAB3015736,7.0,1,434
24581,LAB3016087,5.1,1,452
24581,LAB3016087,2.9,1,73
24581,LAB3016087,5.1,1,453
24581,LAB3016293,25.0,1,73
24581,LAB3016293,34.0,1,449
24581,LAB3016293,30.0,1,448
24581,LAB3016293,31.0,1,434
24581,LAB3016293,27.0,1,451
24581,LAB3016293,29.0,1,74
24581,LAB3016293,28.0,1,452
24581,LAB3016293,27.0,1,453
24581,LAB3016293,27.0,1,453
24581,LAB3016293,25.0,1,701
24581,LAB3016293,26.0,1,702
24581,LAB3016293,25.0,1,703
24581,LAB3016293,30.0,1,704
24581,LAB3016293,25.0,1,71
24581,LAB3016436,144.0,1,73
24581,LAB3016543,125.0,1,448
24581,LAB3016543,17.0,1,448
24581,LAB3016723,0.5,1,453
24581,LAB3016723,0.6,1,448
24581,LAB3016723,0.5,1,451
24581,LAB3016723,0.7,1,71
24581,LAB3016723,0.7,1,704
24581,LAB3016723,0.9,1,449
24581,LAB3016723,0.6,1,703
24581,LAB3016723,0.8,1,434
24581,LAB3016723,0.7,1,702
24581,LAB3016723,0.7,1,73
24581,LAB3016723,0.7,1,701
24581,LAB3016723,0.7,1,453
24581,LAB3016723,0.8,1,74
24581,LAB3016723,0.5,1,452
24581,LAB3016750,,1,434
24581,LAB3016750,,1,434
24581,LAB3016750,,1,74
24581,LAB3017354,65.5,1,74
24581,LAB3017354,80.1,1,434
24581,LAB3017354,68.8,1,704
24581,LAB3017354,78.2,1,453
24581,LAB3018572,105.0,1,701
24581,LAB3018572,100.0,1,451
24581,LAB3018572,108.0,1,452
24581,LAB3018572,103.0,1,448
24581,LAB3018572,103.0,1,74
24581,LAB3018572,110.0,1,453
24581,LAB3018572,108.0,1,453
24581,LAB3018572,102.0,1,449
24581,LAB3018572,103.0,1,702
24581,LAB3018572,106.0,1,703
24581,LAB3018572,105.0,1,704
24581,LAB3018572,105.0,1,73
24581,LAB3018572,104.0,1,71
24581,LAB3018572,101.0,1,434
24581,LAB3019069,3.3,1,434
24581,LAB3019069,7.0,1,74
24581,LAB3019069,6.8,1,704
24581,LAB3019069,3.8,1,453
24581,LAB3019473,124.0,1,448
24581,LAB3019550,144.0,1,704
24581,LAB3019550,144.0,1,449
24581,LAB3019550,140.0,1,73
24581,LAB3019550,142.0,1,703
24581,LAB3019550,140.0,1,704
24581,LAB3019550,140.0,1,702
24581,LAB3019550,138.0,1,71
24581,LAB3019550,141.0,1,701
24581,LAB3019550,142.0,1,453
24581,LAB3019550,139.0,1,434
24581,LAB3019550,140.0,1,74
24581,LAB3019550,141.0,1,448
24581,LAB3019550,136.0,1,451
24581,LAB3019550,143.0,1,453
24581,LAB3019550,141.0,1,452
24581,LAB3020399,,1,704
24581,LAB3020399,,1,702
24581,LAB3020399,,1,448
24581,LAB3020399,,1,434
24581,LAB3020399,,1,74
24581,LAB3020951,68.0,1,448
24581,LAB3020951,70.0,1,448
24581,LAB3021119,1.12,1,704
24581,LAB3021601,,1,448
24581,LAB3021601,,1,434
24581,LAB3021601,,1,702
24581,LAB3021601,,1,704
24581,LAB3021601,,1,74
24581,LAB3022096,0.3,1,704
24581,LAB3022096,0.2,1,74
24581,LAB3022096,0.2,1,453
24581,LAB3022096,0.1,1,434
24581,LAB3022192,176.0,1,453
24581,LAB3022192,158.0,1,452
24581,LAB3022192,88.0,1,73
24581,LAB3022356,16.0,1,448
24581,LAB3022356,16.0,1,448
24581,LAB3022548,51.0,1,448
24581,LAB3022616,9.0,1,452
24581,LAB3022616,6.9,1,448
24581,LAB3022616,6.6,1,449
24581,LAB3022616,6.9,1,450
24581,LAB3022616,9.9,1,434
24581,LAB3023103,3.8,1,73
24581,LAB3023103,3.9,1,434
24581,LAB3023103,4.0,1,702
24581,LAB3023103,3.5,1,703
24581,LAB3023103,3.6,1,452
24581,LAB3023103,4.4,1,74
24581,LAB3023103,4.0,1,453
24581,LAB3023103,3.9,1,453
24581,LAB3023103,4.1,1,704
24581,LAB3023103,3.9,1,448
24581,LAB3023103,3.5,1,701
24581,LAB3023103,3.7,1,71
24581,LAB3023103,3.7,1,451
24581,LAB3023103,4.1,1,704
24581,LAB3023103,3.4,1,449
24581,LAB3023399,1.8,1,701
24581,LAB3023399,0.54,1,452
24581,LAB3023399,1.2,1,453
24581,LAB3023399,1.6,1,73
24581,LAB3024128,0.7,1,73
24581,LAB3024128,0.5,1,453
24581,LAB3024128,0.6,1,452
24581,LAB3024561,3.8,1,452
24581,LAB3024731,99.0,1,74
24581,LAB3024731,95.0,1,453
24581,LAB3024731,97.0,1,453
24581,LAB3024731,95.0,1,451
24581,LAB3024731,95.0,1,448
24581,LAB3024731,101.0,1,701
24581,LAB3024731,98.0,1,702
24581,LAB3024731,97.0,1,73
24581,LAB3024731,98.0,1,703
24581,LAB3024731,97.0,1,434
24581,LAB3024731,96.0,1,449
24581,LAB3024731,99.0,1,704
24581,LAB3024731,98.0,1,71
24581,LAB3024731,95.0,1,452
24581,LAB3026361,4.38,1,451
24581,LAB3026361,3.83,1,434
24581,LAB3026361,4.01,1,453
24581,LAB3026361,4.24,1,71
24581,LAB3026361,4.53,1,74
24581,LAB3026361,4.07,1,703
24581,LAB3026361,4.21,1,449
24581,LAB3026361,4.2,1,73
24581,LAB3026361,4.51,1,704
24581,LAB3026361,4.46,1,702
24581,LAB3026361,4.01,1,453
24581,LAB3026361,4.23,1,448
24581,LAB3026361,4.03,1,452
24581,LAB3026361,4.23,1,701
24581,LAB3027114,253.0,1,452
24581,LAB3027114,177.0,1,73
24581,LAB3027114,235.0,1,453
24581,LAB3027162,,1,448
24581,LAB3027162,,1,74
24581,LAB3027162,,1,702
24581,LAB3027162,,1,434
24581,LAB3027162,,1,704
24581,LAB3027315,123.0,1,453
24581,LAB3027475,5600.0,1,448
24581,LAB3027475,4200.0,1,448
24581,LAB3028288,154.0,1,453
24581,LAB3028288,171.0,1,452
24581,LAB3028288,97.0,1,73
24581,LAB3032080,1.1,1,71
24581,LAB3032080,1.2,1,73
24581,LAB3032080,1.2,1,704
24581,LAB3032080,1.0,1,452
24581,LAB3032080,1.0,1,434
24581,LAB3032080,1.2,1,703
24581,LAB3032080,1.0,1,453
24581,LAB3032080,1.0,1,453
24581,LAB3032080,1.1,1,74
24581,LAB3032459,,1,448
24581,LAB3032459,15.0,1,702
24581,LAB3032459,,1,434
24581,LAB3032459,,1,74
24581,LAB3032459,,1,704
24581,LAB3033236,3.0,1,452
24581,LAB3033236,,1,704
24581,LAB3033236,,1,453
24581,LAB3033236,3.0,1,704
24581,LAB3033236,6.0,1,73
24581,LAB3033236,,1,453
24581,LAB3033236,6.0,1,74
24581,LAB3033236,,1,703
24581,LAB3033236,5.0,1,73
24581,LAB3035124,21.0,1,448
24581,LAB3035583,29.0,1,448
24581,LAB3035851,,1,448
24581,LAB3035941,32.8,1,453
24581,LAB3035941,33.3,1,71
24581,LAB3035941,34.1,1,704
24581,LAB3035941,33.3,1,703
24581,LAB3035941,33.6,1,73
24581,LAB3035941,33.7,1,702
24581,LAB3035941,32.3,1,701
24581,LAB3035941,32.1,1,453
24581,LAB3035941,32.8,1,452
24581,LAB3035941,32.8,1,74
24581,LAB3035941,31.8,1,451
24581,LAB3035941,33.1,1,434
24581,LAB3035941,32.5,1,448
24581,LAB3035941,32.9,1,449
24581,LAB3037577,14.0,1,448
24581,LAB3037577,16.0,1,448
24581,LAB3039000,14.0,1,73
24581,LAB3039000,13.0,1,451
24581,LAB3039000,13.0,1,704
24581,LAB3039000,15.0,1,701
24581,LAB3039000,15.0,1,703
24581,LAB3039000,11.0,1,453
24581,LAB3039000,13.0,1,71
24581,LAB3039000,10.0,1,453
24581,LAB3039000,12.0,1,448
24581,LAB3039000,9.0,1,452
24581,LAB3039000,12.0,1,74
24581,LAB3039000,11.0,1,449
24581,LAB3039000,11.0,1,434
24581,LAB3039000,15.0,1,702
24581,LAB3045414,,1,448
24581,LAB3045414,,1,702
24581,LAB3045414,,1,74
24581,LAB3045414,,1,704
24581,LAB3045414,,1,434
24581,LAB3048529,,1,73
24581,LAB3048529,,1,74
24581,LAB3048529,,1,704
24581,LAB3048529,,1,452
24581,LAB3048529,,1,703
24581,LAB3048529,,1,453
24581,LAB3048529,,1,453
24581,LAB3048529,,1,73
24581,LAB3048529,,1,704
