19,DIAG320128,1
19,DIAG321873,1
19,DIAG373995,1
19,DIAG374009,1
19,DIAG433329,1
19,DIAG436539,1
19,DIAG74082,1
19,DIAG80502,1
19,DIAG81902,1
19,DRUG1112807,2
19,DRUG1125315,2
19,DRUG1307046,2
19,DRUG1742253,2
19,DRUG19009405,1
19,DRUG19035704,1
19,DRUG19055137,2
19,DRUG19079524,2
19,DRUG19080464,1
19,DRUG19093848,1
19,DRUG19095164,1
19,DRUG19132976,1
19,DRUG766529,1
19,DRUG785788,2
19,DRUG791967,2
19,DRUG948078,2
19,DRUG953076,1
19,LAB3000285,1
19,LAB3000330,1
19,LAB3000483,1
19,LAB3000963,4
19,LAB3001110,1
19,LAB3001420,3
19,LAB3002030,1
19,LAB3002385,3
19,LAB3002417,3
19,LAB3003338,3
19,LAB3004501,4
19,LAB3004905,1
19,LAB3005456,1
19,LAB3006504,1
19,LAB3006576,2
19,LAB3006906,4
19,LAB3006923,1
19,LAB3007220,1
19,LAB3007461,3
19,LAB3009542,4
19,LAB3010421,1
19,LAB3010813,3
19,LAB3011904,4
19,LAB3013290,1
19,LAB3013466,3
19,LAB3013682,4
19,LAB3013721,1
19,LAB3015736,1
19,LAB3016293,4
19,LAB3016723,4
19,LAB3016771,1
19,LAB3017354,1
19,LAB3018572,5
19,LAB3019069,1
19,LAB3019550,4
19,LAB3021119,1
19,LAB3022096,1
19,LAB3023103,4
19,LAB3023399,1
19,LAB3024128,1
19,LAB3024731,3
19,LAB3024882,1
19,LAB3026361,3
19,LAB3027315,1
19,LAB3032080,3
19,LAB3033236,1
19,LAB3035941,3
19,LAB3039000,4
19,LAB3047181,2
19,LAB3048529,2
99,DIAG137682,1
99,DIAG198803,1
99,DIAG317576,1
99,DIAG320128,1
99,DIAG321318,1
99,DIAG4096215,1
99,DIAG42872402,1
99,DIAG437827,1
99,LAB3000285,2
99,LAB3000330,1
99,LAB3000483,7
99,LAB3000963,14
99,LAB3001110,1
99,LAB3001420,3
99,LAB3002030,1
99,LAB3002385,7
99,LAB3002417,2
99,LAB3003338,7
99,LAB3004501,6
99,LAB3005456,8
99,LAB3006504,1
99,LAB3006576,6
99,LAB3006906,1
99,LAB3006923,1
99,LAB3007220,2
99,LAB3007461,11
99,LAB3008548,1
99,LAB3009542,15
99,LAB3010421,8
99,LAB3010813,7
99,LAB3011904,1
99,LAB3012501,5
99,LAB3013290,6
99,LAB3013466,1
99,LAB3013502,3
99,LAB3013682,7
99,LAB3013721,1
99,LAB3015736,1
99,LAB3016293,5
99,LAB3016436,2
99,LAB3016723,7
99,LAB3017354,1
99,LAB3018572,5
99,LAB3019069,1
99,LAB3019550,5
99,LAB3021119,6
99,LAB3022096,1
99,LAB3023103,11
99,LAB3024128,1
99,LAB3024731,7
99,LAB3026361,7
99,LAB3027315,6
99,LAB3032080,2
99,LAB3035941,7
99,LAB3037556,1
99,LAB3039000,5
2293,DIAG433163,2
2293,DIAG435517,1
2293,DIAG440649,1
2293,DIAG441818,1
2293,DRUG19036781,2
2293,DRUG19072153,1
2293,LAB3003785,1
2293,LAB3004501,1
2293,LAB3004905,2
2293,LAB3010813,1
2293,LAB3013682,1
2293,LAB3016771,1
2293,LAB3019550,1
2293,LAB3024561,1
2293,LAB3027597,1
3014,DIAG137371,1
3014,DIAG197023,1
3014,DIAG258564,1
3014,DIAG258866,1
3014,DIAG313005,1
3014,DIAG313023,1
3014,DIAG315922,1
3014,DIAG373766,1
3014,DIAG4063163,1
3014,DIAG4071063,1
3014,DIAG4092289,1
3014,DIAG432452,1
3014,DIAG433315,1
3014,DIAG434474,1
3014,DIAG435925,1
3014,DIAG439128,1
3014,DIAG439922,1
3014,DIAG440847,1
3014,DRUG1337860,2
3014,DRUG19008339,2
3014,DRUG19009608,8
3014,DRUG19012125,17
3014,DRUG19049105,23
3014,DRUG19076414,1
3014,DRUG19076953,1
3014,DRUG19077884,10
3014,DRUG19095164,18
3014,DRUG19095709,4
3014,DRUG40227400,8
3014,DRUG40243324,1
3014,DRUG43012825,1
3014,DRUG44785399,1
3014,DRUG791967,2
3014,DRUG910232,2
3014,DRUG956874,7
3014,DRUG967823,19
3014,LAB3000330,3
3014,LAB3000963,22
3014,LAB3001110,9
3014,LAB3001420,1
3014,LAB3002030,15
3014,LAB3002179,5
3014,LAB3002385,15
3014,LAB3002809,2
3014,LAB3003338,15
3014,LAB3004809,9
3014,LAB3005629,2
3014,LAB3005715,10
3014,LAB3005897,2
3014,LAB3006504,7
3014,LAB3006576,122
3014,LAB3006906,8
3014,LAB3006923,2
3014,LAB3007124,4
3014,LAB3007359,23
3014,LAB3007461,15
3014,LAB3007913,7
3014,LAB3007950,3
3014,LAB3008598,2
3014,LAB3009542,31
3014,LAB3010421,122
3014,LAB3010813,15
3014,LAB3011904,8
3014,LAB3012410,2
3014,LAB3012501,115
3014,LAB3013290,122
3014,LAB3013498,7
3014,LAB3013682,12
3014,LAB3013721,2
3014,LAB3015736,3
3014,LAB3016293,60
3014,LAB3016451,1
3014,LAB3016543,1
3014,LAB3016723,12
3014,LAB3017181,4
3014,LAB3017354,15
3014,LAB3018572,60
3014,LAB3019069,15
3014,LAB3019473,1
3014,LAB3019550,59
3014,LAB3020951,1
3014,LAB3021119,2
3014,LAB3021440,1
3014,LAB3022096,7
3014,LAB3022192,21
3014,LAB3022356,1
3014,LAB3022548,1
3014,LAB3022640,1
3014,LAB3022875,15
3014,LAB3023103,60
3014,LAB3023399,2
3014,LAB3024128,23
3014,LAB3024561,1
3014,LAB3024731,15
3014,LAB3024882,82
3014,LAB3026361,15
3014,LAB3027315,122
3014,LAB3027475,1
3014,LAB3027597,23
3014,LAB3028658,6
3014,LAB3032459,2
3014,LAB3035510,6
3014,LAB3035941,15
3014,LAB3037577,1
3014,LAB3039000,59
3014,LAB3053315,1
24581,DIAG255573,3
24581,DIAG313217,3
24581,DIAG319041,1
24581,DIAG373995,3
24581,DIAG374009,3
24581,DIAG374024,1
24581,DIAG376713,2
24581,DIAG377091,1
24581,DIAG381270,1
24581,DIAG4096215,1
24581,DIAG4161977,3
24581,DIAG432308,1
24581,DIAG432867,1
24581,DIAG433656,1
24581,DIAG43531028,1
24581,DIAG437827,1
24581,DIAG440383,1
24581,DIAG440385,1
24581,DIAG440869,1
24581,DIAG81902,1
24581,DRUG1125315,3
24581,DRUG1307046,3
24581,DRUG1319133,1
24581,DRUG1545958,2
24581,DRUG19026333,1
24581,DRUG19026512,2
24581,DRUG19049105,4
24581,DRUG19055137,1
24581,DRUG19065818,1
24581,DRUG19079524,4
24581,DRUG19093848,1
24581,DRUG19095164,1
24581,DRUG19098971,1
24581,DRUG19122121,2
24581,DRUG19126899,1
24581,DRUG19126912,2
24581,DRUG19132909,1
24581,DRUG19132932,2
24581,DRUG19135832,1
24581,DRUG19136059,1
24581,DRUG43012825,5
24581,DRUG711584,1
24581,DRUG715997,2
24581,DRUG725131,2
24581,DRUG739138,1
24581,DRUG740910,2
24581,DRUG924939,4
24581,DRUG948078,3
24581,LAB3000330,5
24581,LAB3000483,1
24581,LAB3000963,14
24581,LAB3001110,1
24581,LAB3001420,10
24581,LAB3002030,4
24581,LAB3002385,14
24581,LAB3002417,9
24581,LAB3003338,14
24581,LAB3004410,3
24581,LAB3004501,16
24581,LAB3006504,4
24581,LAB3006576,1
24581,LAB3006906,9
24581,LAB3006923,3
24581,LAB3007070,3
24581,LAB3007220,8
24581,LAB3007461,14
24581,LAB3007950,1
24581,LAB3009542,14
24581,LAB3010421,2
24581,LAB3010813,14
24581,LAB3011904,8
24581,LAB3013290,1
24581,LAB3013466,9
24581,LAB3013682,14
24581,LAB3013721,3
24581,LAB3015736,5
24581,LAB3016087,3
24581,LAB3016293,14
24581,LAB3016436,1
24581,LAB3016543,2
24581,LAB3016723,14
24581,LAB3017354,4
24581,LAB3018572,14
24581,LAB3019069,4
24581,LAB3019473,1
24581,LAB3019550,15
24581,LAB3020951,2
24581,LAB3021119,1
24581,LAB3022096,4
24581,LAB3022192,3
24581,LAB3022356,2
24581,LAB3022548,1
24581,LAB3022616,5
24581,LAB3023103,15
24581,LAB3023399,4
24581,LAB3024128,3
24581,LAB3024561,1
24581,LAB3024731,14
24581,LAB3026361,14
24581,LAB3027114,3
24581,LAB3027315,1
24581,LAB3027475,2
24581,LAB3028288,3
24581,LAB3032080,9
24581,LAB3032459,1
24581,LAB3033236,5
24581,LAB3035124,1
24581,LAB3035583,1
24581,LAB3035941,14
24581,LAB3037577,2
24581,LAB3039000,14
