event_count
dead: 254.33333333333334,24,562
alive: 1012.0,238,1786

encounter_count
dead: 11.0,5,14
alive: 46.5,10,83

record_length
dead: 2000.3333333333333,4,5364
alive: 708.5,150,1267

common diagnosis:
dead:
DIAG373995,4
DIAG374009,4
DIAG255573,3
DIAG313217,3
DIAG4161977,3

alive:
DIAG440847,1
DIAG439922,1
DIAG439128,1
DIAG437827,1
DIAG435925,1

common medication:
dead:
DRUG19079524,6
DRUG948078,5
DRUG43012825,5
DRUG1307046,5
DRUG1125315,5

alive:
DRUG19049105,23
DRUG967823,19
DRUG19095164,18
DRUG19012125,17
DRUG19077884,10

common lab:
dead:
LAB3004501,21
LAB3023103,20
LAB3019550,20
LAB3000963,20
LAB3013682,19

alive:
LAB3010421,130
LAB3006576,128
LAB3027315,128
LAB3013290,128
LAB3012501,128

